603 names · 1300 daily bars each · ro-1 · as of 2026-10-05 · DRY RUN (nothing is written)
{
 "version": "ro-1",
 "dry": true,
 "names_asked": 603,
 "rows": 602,
 "written": 0,
 "eligible": 598,
 "under_one_year": 4,
 "skipped": 1,
 "as_of": {
  "2026-10-05": 602
 },
 "at_own_low_10": 120,
 "at_own_high_90": 30,
 "at_fixed_30_or_less": 43,
 "at_fixed_70_or_more": 26,
 "own_low_but_above_30": 77,
 "own_high_but_below_70": 7,
 "at_30_or_less_but_not_own_low": 0,
 "at_70_or_more_but_not_own_high": 3
}

AT THEIR OWN LOW (≤ 10th), lowest first:
  AGG      rsi  23.4  pct   0.0  own 10th 34.9  90th 61.8  (499 days from 2024-10-07)
  CTVA     rsi   6.4  pct   0.0  own 10th 37.5  90th 71.5  (499 days from 2024-10-07)
  LQD      rsi  22.7  pct   0.0  own 10th 34.0  90th 60.9  (499 days from 2024-10-07)
  RSPR     rsi  19.7  pct   0.0  own 10th 35.6  90th 61.1  (499 days from 2024-10-07)
  RTX      rsi  23.4  pct   0.0  own 10th 38.2  90th 69.2  (499 days from 2024-10-07)
  TLT      rsi  22.0  pct   0.0  own 10th 34.2  90th 60.2  (499 days from 2024-10-07)
  VTR      rsi  21.0  pct   0.0  own 10th 37.6  90th 71.5  (499 days from 2024-10-07)
  REZ      rsi  21.9  pct   0.4  own 10th 37.1  90th 62.6  (499 days from 2024-10-07)
  XLRE     rsi  20.8  pct   0.5  own 10th 37.0  90th 61.6  (499 days from 2024-10-07)
  BNY      rsi  25.9  pct   0.6  own 10th 42.9  90th 71.7  (499 days from 2024-10-07)
  IEF      rsi  23.7  pct   0.6  own 10th 32.6  90th 60.9  (499 days from 2024-10-07)
  ITA      rsi  25.5  pct   0.7  own 10th 37.7  90th 69.7  (499 days from 2024-10-07)
  IYR      rsi  22.6  pct   0.7  own 10th 36.7  90th 61.6  (499 days from 2024-10-07)
  PCAR     rsi  21.4  pct   0.7  own 10th 36.4  90th 66.8  (499 days from 2024-10-07)
  VNQ      rsi  23.6  pct   0.7  own 10th 37.0  90th 61.5  (499 days from 2024-10-07)

AT THEIR OWN HIGH (≥ 90th), highest first:
  TXG      rsi  79.7  pct  99.5  own 10th 36.7  90th 70.9  (499 days from 2024-10-07)
  US30Y    rsi  75.7  pct  99.3  own 10th 39.5  90th 66.3  (499 days from 2024-10-07)
  US10Y    rsi  76.0  pct  99.2  own 10th 39.8  90th 67.0  (499 days from 2024-10-07)
  DXUSD    rsi  73.7  pct  99.0  own 10th 36.7  90th 66.7  (520 days from 2024-10-07)
  TSM      rsi  75.7  pct  99.0  own 10th 41.8  90th 69.1  (499 days from 2024-10-07)
  NTRA     rsi  81.9  pct  98.9  own 10th 39.9  90th 71.7  (499 days from 2024-10-07)
  ILMN     rsi  76.6  pct  98.7  own 10th 34.1  90th 68.7  (499 days from 2024-10-07)
  TWST     rsi  76.0  pct  98.7  own 10th 38.0  90th 69.6  (499 days from 2024-10-07)
  UUP      rsi  75.2  pct  98.3  own 10th 37.1  90th 69.0  (499 days from 2024-10-07)
  DXY      rsi  72.3  pct  98.0  own 10th 36.7  90th 66.7  (520 days from 2024-10-07)
  CDNS     rsi  71.5  pct  97.6  own 10th 34.8  90th 66.0  (499 days from 2024-10-07)
  P        rsi  79.7  pct  97.5  own 10th 38.2  90th 70.6  (499 days from 2024-10-07)
  SNPS     rsi  73.4  pct  97.0  own 10th 34.2  90th 67.8  (499 days from 2024-10-07)
  US5Y     rsi  72.4  pct  96.2  own 10th 39.0  90th 67.9  (499 days from 2024-10-07)
  NTAP     rsi  72.5  pct  95.8  own 10th 37.5  90th 68.8  (499 days from 2024-10-07)

UNDER ONE YEAR (keep 30 / 70): CBRS 84d, DRAM 113d, SHAZ 144d, SPCX 64d

NO ROW: QRVO CANDLES_FAILED

rows saved → deliverables/20261006/rs1-rsi-own-extremes/data/rsi-own-dry-run.json
load SQL saved → deliverables/20261006/rs1-rsi-own-extremes/data/rsi-own-load.sql
