[    0.1s] universe: 7 symbols x 4861 bars (2003-09-11 -> 2022-12-30), lockbox 936 bars cropped (2023-01-03 -> 2026-09-25), dataset_hash 0926cb7603e6
[    0.1s] dev span [0,3602) = 2003-09-11 -> 2017-12-29; walk-forward [3602,4861) = 2018-01-02 -> 2022-12-30
[    0.2s] G0 PASS (5 checks on real bars, 0 failures)
[    0.2s] sweep: 46 configs x 7 symbols on real bars ...
[    3.2s] sweep done: 102839 labeled events
[    3.3s] selection pool: 46/46 configs clear gate.selectMinEvents=200
[    3.3s] crown (dev span): SW-R/VOLU/thr=3.0/basis=CLOSE SR 0.1222 | runner-up SW-R/VOLU/thr=2.75/basis=CLOSE SR 0.1177
[    3.3s] family bake-off: best SW-F = SW-F/n=5/tie=STRICT (SR -0.0044)
[    3.3s]                  best SW-R = SW-R/VOLU/thr=3.0/basis=CLOSE (SR 0.1222)
[    3.3s] baseline (random non-event bars, both directions): n=2800 mean=+0.0217 ATR
[    3.3s] judging the crown through G0-G6 ...
[   66.8s]   [crown] SW-R/VOLU/thr=3.0/basis=CLOSE
[   66.8s]     G1 n=422 mean_r=+0.1654 excess=+0.1437 CI=(+0.0151,+0.2751) pass=True starved=False
[   66.8s]     G2 paths+ 5/5 medianOOS_SR=+0.0900 IS_SR=+0.1081 pass=True
[   66.8s]     G3 windows=16 WFE=0.6688 oosWin=0.69 pass=True
[   66.8s]     G4 mean_real=+0.1467 p=0.0090 (8/1000) pass=True
[   66.8s]     G5 SR=+0.1081 E[maxSR|N=46]=0.0860 DSR=0.7088 MinBTL=431 PBO=0.113 pass=False
[   66.8s]     G6 T_SPA=2.566 p=0.0839 best=SW-R/VOLU/thr=3.0/basis=HL pass=False
[   66.8s]     stability(Jaccard)=1.0000 (floor 0.95) lag_med=6.0 lag_p90=16.0
[   66.8s] judging best SW-F ...
[  141.0s]   [best SW-F] SW-F/n=5/tie=STRICT
[  141.0s]     G1 n=1262 mean_r=-0.0058 excess=-0.0275 CI=(-0.1061,+0.0525) pass=False starved=False
[  141.0s]     G2 paths+ 5/5 medianOOS_SR=+0.0900 IS_SR=+0.0334 pass=True
[  141.0s]     G3 windows=16 WFE=0.6688 oosWin=0.69 pass=True
[  141.0s]     G4 mean_real=+0.0446 p=0.1339 (133/1000) pass=False
[  141.0s]     G5 SR=+0.0334 E[maxSR|N=46]=0.0860 DSR=0.0142 MinBTL=4515 PBO=0.113 pass=False
[  141.0s]     G6 T_SPA=2.566 p=0.0839 best=SW-R/VOLU/thr=3.0/basis=HL pass=False
[  141.0s]     stability(Jaccard)=1.0000 (floor 0.95) lag_med=5.0 lag_p90=5.0
[  141.0s] statistics pass (development span only) ...
[  141.1s]   ATR(14) as % of price, pooled: median 1.77% p95 5.24% p99.9 110.22%
[  141.1s]   swing move size (log %), pooled: median 5.50% p95 15.14% (n=5815)
[  141.1s] DONE -> <run-dir>/bakeoff-sensitivity/RESULT.json
{
  "crown": {
    "key": "SW-R/VOLU/thr=3.0/basis=CLOSE",
    "ladder": {
      "G0": true,
      "G1": true,
      "G2": true,
      "G3": true,
      "G4": true,
      "G5": false,
      "G6": false
    },
    "green": false
  },
  "best_swf": {
    "key": "SW-F/n=5/tie=STRICT",
    "ladder": {
      "G0": true,
      "G1": false,
      "G2": true,
      "G3": true,
      "G4": false,
      "G5": false,
      "G6": false
    },
    "green": false
  }
}
