[    0.1s] universe: 9 symbols x 2965 bars (2011-03-23 -> 2022-12-30), lockbox 936 bars cropped (2023-01-03 -> 2026-09-25), dataset_hash 772c078510f3
[    0.1s] dev span [0,1706) = 2011-03-23 -> 2017-12-29; walk-forward [1706,2965) = 2018-01-02 -> 2022-12-30
[    0.2s] G0 PASS (5 checks on real bars, 0 failures)
[    0.2s] sweep: 46 configs x 9 symbols on real bars ...
[    2.5s] sweep done: 80604 labeled events
[    2.5s] selection pool: 43/46 configs clear gate.selectMinEvents=200
[    2.5s] crown (dev span): SW-R/VOLU/thr=3.0/basis=CLOSE SR 0.1878 | runner-up SW-R/VOLU/thr=2.75/basis=CLOSE SR 0.1810
[    2.5s] family bake-off: best SW-F = SW-F/n=5/tie=STRICT (SR 0.0310)
[    2.5s]                  best SW-R = SW-R/VOLU/thr=3.0/basis=CLOSE (SR 0.1878)
[    2.5s] baseline (random non-event bars, both directions): n=3600 mean=+0.0152 ATR
[    2.5s] judging the crown through G0-G6 ...
[   52.9s]   [crown] SW-R/VOLU/thr=3.0/basis=CLOSE
[   52.9s]     G1 n=285 mean_r=+0.2560 excess=+0.2407 CI=(+0.0737,+0.4107) pass=True starved=False
[   52.9s]     G2 paths+ 5/5 medianOOS_SR=+0.1183 IS_SR=+0.1311 pass=True
[   52.9s]     G3 windows=8 WFE=nan oosWin=nan pass=False
[   52.9s]     G4 mean_real=+0.1788 p=0.0080 (7/1000) pass=True
[   52.9s]     G5 SR=+0.1311 E[maxSR|N=46]=0.1079 DSR=0.7038 MinBTL=293 PBO=0.252 pass=False
[   52.9s]     G6 T_SPA=2.915 p=0.0320 best=SW-R/VOLU/thr=1.75/basis=CLOSE pass=True
[   52.9s]     stability(Jaccard)=1.0000 (floor 0.95) lag_med=6.0 lag_p90=14.0
[   52.9s] judging best SW-F ...
[  111.2s]   [best SW-F] SW-F/n=5/tie=STRICT
[  111.2s]     G1 n=781 mean_r=+0.0415 excess=+0.0263 CI=(-0.0938,+0.1439) pass=False starved=False
[  111.2s]     G2 paths+ 5/5 medianOOS_SR=+0.1183 IS_SR=+0.0735 pass=True
[  111.2s]     G3 windows=8 WFE=nan oosWin=nan pass=False
[  111.2s]     G4 mean_real=+0.0998 p=0.0210 (20/1000) pass=True
[  111.2s]     G5 SR=+0.0735 E[maxSR|N=46]=0.1079 DSR=0.0995 MinBTL=932 PBO=0.252 pass=False
[  111.2s]     G6 T_SPA=2.915 p=0.0320 best=SW-R/VOLU/thr=1.75/basis=CLOSE pass=True
[  111.2s]     stability(Jaccard)=1.0000 (floor 0.95) lag_med=5.0 lag_p90=5.0
[  111.2s] statistics pass (development span only) ...
[  111.2s]   ATR(14) as % of price, pooled: median 1.51% p95 4.10% p99.9 7.52%
[  111.2s]   swing move size (log %), pooled: median 5.20% p95 13.81% (n=2998)
[  111.2s] DONE -> <run-dir>/bakeoff-primary/RESULT.json
{
  "crown": {
    "key": "SW-R/VOLU/thr=3.0/basis=CLOSE",
    "ladder": {
      "G0": true,
      "G1": true,
      "G2": true,
      "G3": false,
      "G4": true,
      "G5": false,
      "G6": true
    },
    "green": false
  },
  "best_swf": {
    "key": "SW-F/n=5/tie=STRICT",
    "ladder": {
      "G0": true,
      "G1": false,
      "G2": true,
      "G3": false,
      "G4": true,
      "G5": false,
      "G6": true
    },
    "green": false
  }
}
