1920 @ 1 errors 0 steps 43
1680 @ 2 errors 0 steps 43
390 @ 1 errors 0 steps 11
1920 SIZES whole boxes 613 agg 0 name_h {"min":18.7,"med":18.7,"max":18.7} fund_h {"min":18.7,"med":18.7,"max":18.7} font name/fund 15 15 lab/lab 0 lab/box 0 box/box 2602
1920 WORDS [["scout",0],["aggregate",0]] clickAny false howTo false aside 0 canvas 1920
1920 SIZES SEC_TECH boxes 126 agg 0 name_h {"min":18.7,"med":18.8,"max":18.8} fund_h {"min":18.7,"med":18.8,"max":18.8} font name/fund 15 15 lab/lab 0 lab/box 0 box/box 366
1920 SIZES SEC_FIN boxes 57 agg 0 name_h {"min":20.2,"med":21.4,"max":24} fund_h {"min":21.1,"med":22.8,"max":24.7} font name/fund 15 15 lab/lab 0 lab/box 0 box/box 40
1920 PODIUM 3d tech n 113 overlaps 546 gap(world) {"min":-0.01,"max":0,"n":112,"touching":112} gap(px) {"min":0,"max":5,"zero":100,"n":112} drop {"min":0,"max":30,"n":112,"key":"tread"} labels 103 card Information Technology
1920 PODIUM above tech n 113 overlaps 221 gap(world) {"min":-0.01,"max":0,"n":112,"touching":112} gap(px) {"min":0,"max":8.8,"zero":94,"n":112} drop {"min":0,"max":30,"n":112,"key":"tread"} labels 99 card Information Technology
1920 PODIUM 3d tech n 113 overlaps 546 gap(world) {"min":-0.01,"max":0,"n":112,"touching":112} gap(px) {"min":0,"max":5,"zero":100,"n":112} drop {"min":0,"max":30,"n":112,"key":"tread"} labels 103 card NVDA
1920 WORDS [["scout",0],["aggregate",0]] clickAny false howTo false aside 400 canvas 1520
1920 PODIUM 3d list n 30 overlaps 62 gap(world) {"min":-0.01,"max":0,"n":29,"touching":29} gap(px) {"min":0,"max":24.9,"zero":25,"n":29} drop {"min":0.1,"max":30,"n":29,"key":"tread"} labels 29 card ◎ RADAR
1920 PODIUM 3d list n 30 overlaps 74 gap(world) {"min":-0.01,"max":0,"n":29,"touching":29} gap(px) {"min":0,"max":33.3,"zero":24,"n":29} drop {"min":0.4,"max":30,"n":29,"key":"tread"} labels 25 card ★ FAVORITES
1920 WORDS [["scout",0],["aggregate",0]] clickAny false howTo false aside 400 canvas 0
1680 SIZES whole boxes 613 agg 0 name_h {"min":18.8,"med":18.8,"max":18.8} fund_h {"min":18.8,"med":18.8,"max":18.8} font name/fund 15 15 lab/lab 0 lab/box 0 box/box 2921
1680 WORDS [["scout",0],["aggregate",0]] clickAny false howTo false aside 0 canvas 1680
1680 SIZES SEC_TECH boxes 126 agg 0 name_h {"min":18.7,"med":18.8,"max":18.8} fund_h {"min":18.7,"med":18.8,"max":18.8} font name/fund 15 15 lab/lab 0 lab/box 0 box/box 370
1680 SIZES SEC_FIN boxes 57 agg 0 name_h {"min":18.7,"med":18.8,"max":20.1} fund_h {"min":18.7,"med":19.3,"max":20.8} font name/fund 15 15 lab/lab 0 lab/box 0 box/box 53
1680 PODIUM 3d tech n 113 overlaps 545 gap(world) {"min":-0.01,"max":0,"n":112,"touching":112} gap(px) {"min":0,"max":4.5,"zero":100,"n":112} drop {"min":0,"max":30,"n":112,"key":"tread"} labels 97 card Information Technology
1680 PODIUM above tech n 113 overlaps 221 gap(world) {"min":-0.01,"max":0,"n":112,"touching":112} gap(px) {"min":0,"max":7.9,"zero":94,"n":112} drop {"min":0,"max":30,"n":112,"key":"tread"} labels 97 card Information Technology
1680 PODIUM 3d tech n 113 overlaps 545 gap(world) {"min":-0.01,"max":0,"n":112,"touching":112} gap(px) {"min":0,"max":4.5,"zero":100,"n":112} drop {"min":0,"max":30,"n":112,"key":"tread"} labels 97 card NVDA
1680 WORDS [["scout",0],["aggregate",0]] clickAny false howTo false aside 400 canvas 1280
1680 PODIUM 3d list n 30 overlaps 62 gap(world) {"min":-0.01,"max":0,"n":29,"touching":29} gap(px) {"min":0,"max":22.9,"zero":25,"n":29} drop {"min":0.1,"max":30,"n":29,"key":"tread"} labels 29 card ◎ RADAR
1680 PODIUM 3d list n 30 overlaps 74 gap(world) {"min":-0.01,"max":0,"n":29,"touching":29} gap(px) {"min":0,"max":30.6,"zero":24,"n":29} drop {"min":0.4,"max":30,"n":29,"key":"tread"} labels 25 card ★ FAVORITES
1680 WORDS [["scout",0],["aggregate",0]] clickAny false howTo false aside 400 canvas 0
390 WORDS [["scout",0],["aggregate",0]] clickAny false howTo false aside 0 canvas 0
390 SIZES whole boxes 569 agg 0 name_h {"min":18.8,"med":18.8,"max":18.8} fund_h {"min":18.8,"med":18.8,"max":18.8} font name/fund 12 12 lab/lab 0 lab/box 0 box/box 6110
390 PODIUM 3d tech n 113 overlaps 543 gap(world) {"min":-0.01,"max":0,"n":112,"touching":112} gap(px) {"min":0,"max":1.6,"zero":103,"n":112} drop {"min":0,"max":30,"n":112,"key":"tread"} labels 70 card Information Technology
