1920 @ 1 errors 0 steps 43
1680 @ 2 errors 0 steps 43
390 @ 1 errors 0 steps 11
1920 SIZES whole boxes 225 agg 87 name_h null fund_h {"min":7,"med":7,"max":7} font name/fund 11 12 lab/lab 0 lab/box 85 box/box 0
1920 WORDS [["scout",3],["aggregate",2]] clickAny true howTo true aside 400 canvas 1520
1920 SIZES SEC_TECH boxes 0 agg 0 name_h null fund_h null font name/fund 11 12 lab/lab 0 lab/box 0 box/box 0
1920 SIZES SEC_FIN boxes 0 agg 0 name_h null fund_h null font name/fund 11 12 lab/lab 0 lab/box 0 box/box 0
1920 PODIUM 3d tech n 113 overlaps 1 gap {"min":0,"max":61.7,"zero":10,"n":112} drop {"min":0.5,"max":36.4,"n":112,"key":"tip"} labels 114 card Information Technology
1920 PODIUM above tech n 113 overlaps 0 gap {"min":0,"max":20.4,"zero":62,"n":112} drop {"min":0,"max":36,"n":112,"key":"tip"} labels 114 card Information Technology
1920 PODIUM 3d tech n 113 overlaps 0 gap null drop {"min":-494,"max":530,"n":112,"key":"tip"} labels 3 card NVDA
1920 WORDS [["scout",1],["aggregate",0]] clickAny false howTo false aside 400 canvas 1520
1920 PODIUM 3d tech n 113 overlaps 0 gap null drop {"min":-350,"max":350,"n":112,"key":"tip"} labels 53 card NVDA
1920 PODIUM 3d list n 30 overlaps 1 gap {"min":0,"max":122.6,"zero":1,"n":29} drop {"min":1.3,"max":54.8,"n":29,"key":"tip"} labels 29 card ★ FAVORITES
1920 WORDS [["scout",3],["aggregate",0]] clickAny false howTo false aside 400 canvas 0
1680 SIZES whole boxes 225 agg 87 name_h null fund_h {"min":7,"med":7,"max":7} font name/fund 11 12 lab/lab 0 lab/box 121 box/box 0
1680 WORDS [["scout",3],["aggregate",2]] clickAny true howTo true aside 400 canvas 1280
1680 SIZES SEC_TECH boxes 0 agg 0 name_h null fund_h null font name/fund 11 12 lab/lab 0 lab/box 0 box/box 0
1680 SIZES SEC_FIN boxes 0 agg 0 name_h null fund_h null font name/fund 11 12 lab/lab 0 lab/box 0 box/box 0
1680 PODIUM 3d tech n 113 overlaps 1 gap {"min":0,"max":56,"zero":11,"n":112} drop {"min":0.5,"max":36.4,"n":112,"key":"tip"} labels 114 card Information Technology
1680 PODIUM above tech n 113 overlaps 0 gap {"min":0,"max":15.2,"zero":78,"n":112} drop {"min":0,"max":36,"n":112,"key":"tip"} labels 114 card Information Technology
1680 PODIUM 3d tech n 113 overlaps 0 gap null drop {"min":-494,"max":530,"n":112,"key":"tip"} labels 3 card NVDA
1680 WORDS [["scout",1],["aggregate",0]] clickAny false howTo false aside 400 canvas 1280
1680 PODIUM 3d tech n 113 overlaps 0 gap null drop {"min":-350,"max":350,"n":112,"key":"tip"} labels 50 card NVDA
1680 PODIUM 3d list n 30 overlaps 1 gap {"min":0,"max":112.9,"zero":1,"n":29} drop {"min":1.3,"max":54.8,"n":29,"key":"tip"} labels 29 card ★ FAVORITES
1680 WORDS [["scout",3],["aggregate",0]] clickAny false howTo false aside 400 canvas 0
390 WORDS [["scout",4],["aggregate",2]] clickAny true howTo true aside 390 canvas 0
390 SIZES whole boxes 225 agg 87 name_h null fund_h {"min":7,"med":7,"max":7} font name/fund 11 12 lab/lab 0 lab/box 184 box/box 150
390 PODIUM 3d tech n 113 overlaps 3 gap {"min":0,"max":14.3,"zero":36,"n":112} drop {"min":0.5,"max":36.4,"n":112,"key":"tip"} labels 70 card Information Technology
