1920 @ 1 errors [] steps 61
1680 @ 2 errors [] steps 61
390 @ 1 errors [] steps 17
1920 OVERLAPS whole lab/lab 0 lab/box 0 box/box 2572 labels 151
1920 BLACK 1920-clean 0.8093
1920 OVERLAPS SEC_TECH lab/lab 0 lab/box 0 box/box 366 labels 56
1920 BLACK 1920-area-tech 0.8859
1920 DRAG [760,560,1020,760] el {"el":71.3,"az":-44.7,"d":3409.2}
1920 WALK false at null hud none "" font null el {"el":71.3,"az":-44.7,"d":3409.2} bar "Information Technology · 3D · RESET VIEW ← BACK TO THE CANVAS"
1920 DBLCLICK pose [407.7,870.7,3078] home [407.7,870.7,3078] el {"el":31.6,"az":6.8,"d":3409.2}
1920 PITCH Information Technology · 3d n 113 H 216.5 rule {"above":216.53,"below":216.53,"cross":216.53,"none":{"steps":0,"flat":false,"drop_per_step":null}} gap {"min":-0.05,"max":0,"n":112,"touching":112} treadMono true lab/lab 0 el {"el":70,"az":28,"d":614.5} limits {"minPolar":0,"maxPolar":3.141592653589793,"minAz":null,"maxAz":null,"rotate":true,"enabled":true,"left":"rotate","one_finger":"rotate"}
1920 OVERLAPS SEC_TECH lab/lab 0 lab/box 366 box/box 617 labels 99
1920 BLACK 1920-podium-tech 0.4785
1920 DRAG [760,560,760,140] el {"el":-13.3,"az":28,"d":614.5}
1920 PITCH Information Technology · 3d n 113 H 216.5 rule {"above":216.53,"below":216.53,"cross":216.53,"none":{"steps":0,"flat":false,"drop_per_step":null}} gap {"min":-0.05,"max":0,"n":112,"touching":112} treadMono true lab/lab 0 el {"el":-13.3,"az":28,"d":614.5} limits {"minPolar":0,"maxPolar":3.141592653589793,"minAz":null,"maxAz":null,"rotate":true,"enabled":true,"left":"rotate","one_finger":"rotate"}
1920 PITCH Information Technology · 3d n 113 H 216.5 rule {"above":216.53,"below":216.53,"cross":216.53,"none":{"steps":0,"flat":false,"drop_per_step":null}} gap {"min":-0.05,"max":0,"n":112,"touching":112} treadMono true lab/lab 0 el {"el":6,"az":28,"d":614.5} limits {"minPolar":0,"maxPolar":3.141592653589793,"minAz":null,"maxAz":null,"rotate":true,"enabled":true,"left":"rotate","one_finger":"rotate"}
1920 OVERLAPS SEC_TECH lab/lab 0 lab/box 555 box/box 1016 labels 59
1920 PITCH Information Technology · 3d n 113 H 216.5 rule {"above":216.53,"below":216.53,"cross":216.53,"none":{"steps":0,"flat":false,"drop_per_step":null}} gap {"min":-0.05,"max":0,"n":112,"touching":112} treadMono true lab/lab 0 el {"el":-16,"az":28,"d":614.5} limits {"minPolar":0,"maxPolar":3.141592653589793,"minAz":null,"maxAz":null,"rotate":true,"enabled":true,"left":"rotate","one_finger":"rotate"}
1920 DBLCLICK pose [94.4,496.3,180.4] home [94.4,496.3,180.4] el {"el":70,"az":28,"d":614.5}
1920 PITCH Information Technology · 3d n 113 H 216.5 rule {"above":216.53,"below":216.53,"cross":216.53,"none":{"steps":0,"flat":false,"drop_per_step":null}} gap {"min":-0.05,"max":0,"n":112,"touching":112} treadMono true lab/lab 0 el {"el":70,"az":28,"d":614.5} limits {"minPolar":0,"maxPolar":3.141592653589793,"minAz":null,"maxAz":null,"rotate":true,"enabled":true,"left":"rotate","one_finger":"rotate"}
1920 WALK true at 0 hud flex "▲ #1 of 113 P +0.93 Everpure, Inc. ▼" font 34 el {"el":68.1,"az":-161.7,"d":166.3} bar "Information Technology · PODIUM COIL · FROM ABOVE PODIUM 3D WALKING · Esc leaves ≡ LIST RESET VIEW ← BACK TO THE CANVAS"
1920 WALK true at 1 hud flex "▲ #2 of 113 NTAP +0.93 NetApp, Inc. ▼" font 34 el {"el":61.6,"az":175.3,"d":181.3} bar "Information Technology · PODIUM COIL · FROM ABOVE PODIUM 3D WALKING · Esc leaves ≡ LIST RESET VIEW ← BACK TO THE CANVAS"
1920 WALK true at 2 hud flex "▲ #3 of 113 TSM +0.89 Taiwan Semiconductor Manufacturing Company Limited ▼" font 34 el {"el":57.1,"az":139.9,"d":180.8} bar "Information Technology · PODIUM COIL · FROM ABOVE PODIUM 3D WALKING · Esc leaves ≡ LIST RESET VIEW ← BACK TO THE CANVAS"
1920 WALK true at 9 hud flex "▲ #10 of 113 S +0.81 SentinelOne, Inc. ▼" font 34 el {"el":74.2,"az":-35,"d":143.3} bar "Information Technology · PODIUM COIL · FROM ABOVE PODIUM 3D WALKING · Esc leaves ≡ LIST RESET VIEW ← BACK TO THE CANVAS"
1920 WALK true at 8 hud flex "▲ #9 of 113 AMD +0.81 Advanced Micro Devices, Inc. ▼" font 34 el {"el":70.4,"az":-21.9,"d":145.2} bar "Information Technology · PODIUM COIL · FROM ABOVE PODIUM 3D WALKING · Esc leaves ≡ LIST RESET VIEW ← BACK TO THE CANVAS"
1920 WALK true at 7 hud flex "▲ #8 of 113 ZETA +0.81 Zeta Global Holdings Corp. ▼" font 34 el {"el":66.2,"az":-3.2,"d":148.9} bar "Information Technology · PODIUM COIL · FROM ABOVE PODIUM 3D WALKING · Esc leaves ≡ LIST RESET VIEW ← BACK TO THE CANVAS"
1920 WALK true at 112 hud flex "▲ #113 of 113 DKNG -0.88 DraftKings Inc. ▼" font 34 el {"el":54.9,"az":-158,"d":165} bar "Information Technology · PODIUM COIL · FROM ABOVE PODIUM 3D WALKING · Esc leaves ≡ LIST RESET VIEW ← BACK TO THE CANVAS"
1920 WALK false at null hud none "" font null el {"el":70,"az":28,"d":614.5} bar "Information Technology · PODIUM COIL · FROM ABOVE PODIUM 3D WALK ≡ LIST RESET VIEW ← BACK TO THE CANVAS"
1920 PITCH Information Technology · 3d n 113 H 216.5 rule {"above":216.53,"below":216.53,"cross":216.53,"none":{"steps":0,"flat":false,"drop_per_step":null}} gap {"min":-0.05,"max":0,"n":112,"touching":112} treadMono true lab/lab 0 el {"el":70,"az":28,"d":614.5} limits {"minPolar":0,"maxPolar":3.141592653589793,"minAz":null,"maxAz":null,"rotate":true,"enabled":true,"left":"rotate","one_finger":"rotate"}
1920 PITCH Financials · PODIUM COIL 3d n 44 H 219.4 rule {"above":219.4,"below":219.4,"cross":219.4,"none":{"steps":0,"flat":false,"drop_per_step":null}} gap {"min":-0.05,"max":0,"n":43,"touching":43} treadMono true lab/lab 0 el {"el":70,"az":28,"d":350.1} limits {"minPolar":0,"maxPolar":3.141592653589793,"minAz":null,"maxAz":null,"rotate":true,"enabled":true,"left":"rotate","one_finger":"rotate"}
1920 PITCH ♥ LIKED · PODIUM COIL ·  3d n 60 H 173.1 rule {"above":173.11,"below":173.11,"cross":173.11,"none":{"steps":0,"flat":false,"drop_per_step":null}} gap {"min":-0.05,"max":0,"n":59,"touching":59} treadMono true lab/lab 0 el {"el":70,"az":28,"d":407} limits {"minPolar":0,"maxPolar":3.141592653589793,"minAz":null,"maxAz":null,"rotate":true,"enabled":true,"left":"rotate","one_finger":"rotate"}
1920 PITCH ◎ RADAR · PODIUM COIL ·  3d n 30 H 141.7 rule {"above":141.66,"below":141.66,"cross":141.66,"none":{"steps":0,"flat":false,"drop_per_step":null}} gap {"min":-0.05,"max":0,"n":29,"touching":29} treadMono true lab/lab 0 el {"el":70,"az":28,"d":305.7} limits {"minPolar":0,"maxPolar":3.141592653589793,"minAz":null,"maxAz":null,"rotate":true,"enabled":true,"left":"rotate","one_finger":"rotate"}
1680 OVERLAPS whole lab/lab 0 lab/box 0 box/box 2919 labels 96
1680 BLACK 1680-clean 0.7988
1680 OVERLAPS SEC_TECH lab/lab 0 lab/box 0 box/box 370 labels 48
1680 BLACK 1680-area-tech 0.8882
1680 DRAG [660,520,920,720] el {"el":74.8,"az":-49.2,"d":3409.2}
1680 WALK false at null hud none "" font null el {"el":74.8,"az":-49.2,"d":3409.2} bar "Information Technology · 3D · RESET VIEW ← BACK TO THE CANVAS"
1680 DBLCLICK pose [407.7,870.7,3078] home [407.7,870.7,3078] el {"el":31.6,"az":6.8,"d":3409.2}
1680 PITCH Information Technology · 3d n 113 H 216.5 rule {"above":216.53,"below":216.53,"cross":216.53,"none":{"steps":0,"flat":false,"drop_per_step":null}} gap {"min":-0.05,"max":0,"n":112,"touching":112} treadMono true lab/lab 0 el {"el":70,"az":28,"d":614.5} limits {"minPolar":0,"maxPolar":3.141592653589793,"minAz":null,"maxAz":null,"rotate":true,"enabled":true,"left":"rotate","one_finger":"rotate"}
1680 OVERLAPS SEC_TECH lab/lab 0 lab/box 380 box/box 617 labels 98
1680 BLACK 1680-podium-tech 0.4339
1680 DRAG [660,520,660,100] el {"el":-20.6,"az":28,"d":614.5}
1680 PITCH Information Technology · 3d n 113 H 216.5 rule {"above":216.53,"below":216.53,"cross":216.53,"none":{"steps":0,"flat":false,"drop_per_step":null}} gap {"min":-0.05,"max":0,"n":112,"touching":112} treadMono true lab/lab 0 el {"el":-20.6,"az":28,"d":614.5} limits {"minPolar":0,"maxPolar":3.141592653589793,"minAz":null,"maxAz":null,"rotate":true,"enabled":true,"left":"rotate","one_finger":"rotate"}
1680 PITCH Information Technology · 3d n 113 H 216.5 rule {"above":216.53,"below":216.53,"cross":216.53,"none":{"steps":0,"flat":false,"drop_per_step":null}} gap {"min":-0.05,"max":0,"n":112,"touching":112} treadMono true lab/lab 0 el {"el":6,"az":28,"d":614.5} limits {"minPolar":0,"maxPolar":3.141592653589793,"minAz":null,"maxAz":null,"rotate":true,"enabled":true,"left":"rotate","one_finger":"rotate"}
1680 OVERLAPS SEC_TECH lab/lab 0 lab/box 567 box/box 1017 labels 58
1680 PITCH Information Technology · 3d n 113 H 216.5 rule {"above":216.53,"below":216.53,"cross":216.53,"none":{"steps":0,"flat":false,"drop_per_step":null}} gap {"min":-0.05,"max":0,"n":112,"touching":112} treadMono true lab/lab 0 el {"el":-16,"az":28,"d":614.5} limits {"minPolar":0,"maxPolar":3.141592653589793,"minAz":null,"maxAz":null,"rotate":true,"enabled":true,"left":"rotate","one_finger":"rotate"}
1680 DBLCLICK pose [94.4,496.3,180.4] home [94.4,496.3,180.4] el {"el":70,"az":28,"d":614.5}
1680 PITCH Information Technology · 3d n 113 H 216.5 rule {"above":216.53,"below":216.53,"cross":216.53,"none":{"steps":0,"flat":false,"drop_per_step":null}} gap {"min":-0.05,"max":0,"n":112,"touching":112} treadMono true lab/lab 0 el {"el":70,"az":28,"d":614.5} limits {"minPolar":0,"maxPolar":3.141592653589793,"minAz":null,"maxAz":null,"rotate":true,"enabled":true,"left":"rotate","one_finger":"rotate"}
1680 WALK true at 0 hud flex "▲ #1 of 113 P +0.93 Everpure, Inc. ▼" font 34 el {"el":68.1,"az":-161.7,"d":166.3} bar "Information Technology · PODIUM COIL · FROM ABOVE PODIUM 3D WALKING · Esc leaves ≡ LIST RESET VIEW ← BACK TO THE CANVAS"
1680 WALK true at 1 hud flex "▲ #2 of 113 NTAP +0.93 NetApp, Inc. ▼" font 34 el {"el":61.6,"az":175.3,"d":181.3} bar "Information Technology · PODIUM COIL · FROM ABOVE PODIUM 3D WALKING · Esc leaves ≡ LIST RESET VIEW ← BACK TO THE CANVAS"
1680 WALK true at 2 hud flex "▲ #3 of 113 TSM +0.89 Taiwan Semiconductor Manufacturing Company Limited ▼" font 34 el {"el":57.1,"az":139.9,"d":180.8} bar "Information Technology · PODIUM COIL · FROM ABOVE PODIUM 3D WALKING · Esc leaves ≡ LIST RESET VIEW ← BACK TO THE CANVAS"
1680 WALK true at 9 hud flex "▲ #10 of 113 S +0.81 SentinelOne, Inc. ▼" font 34 el {"el":74.2,"az":-35,"d":143.3} bar "Information Technology · PODIUM COIL · FROM ABOVE PODIUM 3D WALKING · Esc leaves ≡ LIST RESET VIEW ← BACK TO THE CANVAS"
1680 WALK true at 8 hud flex "▲ #9 of 113 AMD +0.81 Advanced Micro Devices, Inc. ▼" font 34 el {"el":70.4,"az":-21.9,"d":145.2} bar "Information Technology · PODIUM COIL · FROM ABOVE PODIUM 3D WALKING · Esc leaves ≡ LIST RESET VIEW ← BACK TO THE CANVAS"
1680 WALK true at 7 hud flex "▲ #8 of 113 ZETA +0.81 Zeta Global Holdings Corp. ▼" font 34 el {"el":66.2,"az":-3.2,"d":148.9} bar "Information Technology · PODIUM COIL · FROM ABOVE PODIUM 3D WALKING · Esc leaves ≡ LIST RESET VIEW ← BACK TO THE CANVAS"
1680 WALK true at 112 hud flex "▲ #113 of 113 DKNG -0.88 DraftKings Inc. ▼" font 34 el {"el":54.9,"az":-158,"d":165} bar "Information Technology · PODIUM COIL · FROM ABOVE PODIUM 3D WALKING · Esc leaves ≡ LIST RESET VIEW ← BACK TO THE CANVAS"
1680 WALK false at null hud none "" font null el {"el":70,"az":28,"d":614.5} bar "Information Technology · PODIUM COIL · FROM ABOVE PODIUM 3D WALK ≡ LIST RESET VIEW ← BACK TO THE CANVAS"
1680 PITCH Information Technology · 3d n 113 H 216.5 rule {"above":216.53,"below":216.53,"cross":216.53,"none":{"steps":0,"flat":false,"drop_per_step":null}} gap {"min":-0.05,"max":0,"n":112,"touching":112} treadMono true lab/lab 0 el {"el":70,"az":28,"d":614.5} limits {"minPolar":0,"maxPolar":3.141592653589793,"minAz":null,"maxAz":null,"rotate":true,"enabled":true,"left":"rotate","one_finger":"rotate"}
1680 PITCH Financials · PODIUM COIL 3d n 44 H 219.4 rule {"above":219.4,"below":219.4,"cross":219.4,"none":{"steps":0,"flat":false,"drop_per_step":null}} gap {"min":-0.05,"max":0,"n":43,"touching":43} treadMono true lab/lab 0 el {"el":70,"az":28,"d":350.1} limits {"minPolar":0,"maxPolar":3.141592653589793,"minAz":null,"maxAz":null,"rotate":true,"enabled":true,"left":"rotate","one_finger":"rotate"}
1680 PITCH ♥ LIKED · PODIUM COIL ·  3d n 60 H 173.1 rule {"above":173.11,"below":173.11,"cross":173.11,"none":{"steps":0,"flat":false,"drop_per_step":null}} gap {"min":-0.05,"max":0,"n":59,"touching":59} treadMono true lab/lab 0 el {"el":70,"az":28,"d":407} limits {"minPolar":0,"maxPolar":3.141592653589793,"minAz":null,"maxAz":null,"rotate":true,"enabled":true,"left":"rotate","one_finger":"rotate"}
1680 PITCH ◎ RADAR · PODIUM COIL ·  3d n 30 H 141.7 rule {"above":141.66,"below":141.66,"cross":141.66,"none":{"steps":0,"flat":false,"drop_per_step":null}} gap {"min":-0.05,"max":0,"n":29,"touching":29} treadMono true lab/lab 0 el {"el":70,"az":28,"d":305.7} limits {"minPolar":0,"maxPolar":3.141592653589793,"minAz":null,"maxAz":null,"rotate":true,"enabled":true,"left":"rotate","one_finger":"rotate"}
390 OVERLAPS whole lab/lab 0 lab/box 0 box/box 6355 labels 11
390 PITCH Information Technology · 3d n 113 H 216.5 rule {"above":216.53,"below":216.53,"cross":216.53,"none":{"steps":0,"flat":false,"drop_per_step":null}} gap {"min":-0.05,"max":0,"n":112,"touching":112} treadMono true lab/lab 0 el {"el":70,"az":28,"d":765} limits {"minPolar":0,"maxPolar":3.141592653589793,"minAz":null,"maxAz":null,"rotate":true,"enabled":true,"left":"rotate","one_finger":"rotate"}
390 WALK true at 0 hud flex "▲ #1 of 113 P +0.93 Everpure, Inc. ▼" font 30 el {"el":68.1,"az":-161.7,"d":166.3} bar "Information Technology · PODIUM COIL · FROM ABOVE PODIUM 3D WALKING · Esc leaves ≡ LIST RESET VIEW ← BACK TO THE CANVAS"
390 WALK true at 1 hud flex "▲ #2 of 113 NTAP +0.93 NetApp, Inc. ▼" font 30 el {"el":61.6,"az":175.3,"d":181.3} bar "Information Technology · PODIUM COIL · FROM ABOVE PODIUM 3D WALKING · Esc leaves ≡ LIST RESET VIEW ← BACK TO THE CANVAS"
390 WALK true at 2 hud flex "▲ #3 of 113 TSM +0.89 Taiwan Semiconductor Manufacturing Company Limited ▼" font 30 el {"el":57.1,"az":139.9,"d":180.8} bar "Information Technology · PODIUM COIL · FROM ABOVE PODIUM 3D WALKING · Esc leaves ≡ LIST RESET VIEW ← BACK TO THE CANVAS"
390 WALK true at 1 hud flex "▲ #2 of 113 NTAP +0.93 NetApp, Inc. ▼" font 30 el {"el":61.6,"az":175.3,"d":181.3} bar "Information Technology · PODIUM COIL · FROM ABOVE PODIUM 3D WALKING · Esc leaves ≡ LIST RESET VIEW ← BACK TO THE CANVAS"
390 WALK false at null hud none "" font null el {"el":70,"az":28,"d":765} bar "Information Technology · PODIUM COIL · FROM ABOVE PODIUM 3D WALK ≡ LIST RESET VIEW ← BACK TO THE CANVAS"
