1920 @ 1 errors [] steps 23
1680 @ 2 errors [] steps 23
390 @ 1 errors [] steps 6
1920 OVERLAPS whole lab/lab 0 lab/box 0 box/box 2602 labels 126
1920 BLACK 1920-clean 0.8169
1920 OVERLAPS SEC_TECH lab/lab 0 lab/box 0 box/box 366 labels 56
1920 BLACK 1920-area-tech 0.8877
1920 PITCH Information Technology · 3d n 113 H 216.5 rule null gap {"min":-0.01,"max":0,"n":112,"touching":112} treadMono true lab/lab 0 el null limits null
1920 OVERLAPS SEC_TECH lab/lab 0 lab/box 360 box/box 546 labels 103
1920 BLACK 1920-podium-tech 0.6345
1920 PITCH Financials · PODIUM COIL 3d n 44 H 219.4 rule null gap {"min":-0.01,"max":0,"n":43,"touching":43} treadMono true lab/lab 0 el null limits null
1920 PITCH ♥ LIKED · PODIUM COIL ·  3d n 60 H 173.1 rule null gap {"min":-0.01,"max":0,"n":59,"touching":59} treadMono true lab/lab 0 el null limits null
1920 PITCH ◎ RADAR · PODIUM COIL ·  3d n 30 H 141.7 rule null gap {"min":-0.01,"max":0,"n":29,"touching":29} treadMono true lab/lab 0 el null limits null
1680 OVERLAPS whole lab/lab 0 lab/box 0 box/box 2921 labels 92
1680 BLACK 1680-clean 0.8069
1680 OVERLAPS SEC_TECH lab/lab 0 lab/box 0 box/box 370 labels 48
1680 BLACK 1680-area-tech 0.8903
1680 PITCH Information Technology · 3d n 113 H 216.5 rule null gap {"min":-0.01,"max":0,"n":112,"touching":112} treadMono true lab/lab 0 el null limits null
1680 OVERLAPS SEC_TECH lab/lab 0 lab/box 363 box/box 545 labels 97
1680 BLACK 1680-podium-tech 0.6028
1680 PITCH Financials · PODIUM COIL 3d n 44 H 219.4 rule null gap {"min":-0.01,"max":0,"n":43,"touching":43} treadMono true lab/lab 0 el null limits null
1680 PITCH ♥ LIKED · PODIUM COIL ·  3d n 60 H 173.1 rule null gap {"min":-0.01,"max":0,"n":59,"touching":59} treadMono true lab/lab 0 el null limits null
1680 PITCH ◎ RADAR · PODIUM COIL ·  3d n 30 H 141.7 rule null gap {"min":-0.01,"max":0,"n":29,"touching":29} treadMono true lab/lab 0 el null limits null
390 OVERLAPS whole lab/lab 0 lab/box 0 box/box 6110 labels 11
390 PITCH Information Technology · 3d n 113 H 216.5 rule null gap {"min":-0.01,"max":0,"n":112,"touching":112} treadMono true lab/lab 0 el null limits null
