  SPY    5794 bars
  QQQ    4206 bars
  DIA    5794 bars
  IWM    5794 bars
  EEM    5794 bars
  EFA    5794 bars
  TLT    5794 bars
  GLD    5494 bars
  SLV    5132 bars
  XLE    5794 bars
  XLF    5794 bars
  XLK    5794 bars
  AAPL   5794 bars
  MSFT   5794 bars
  NVDA   5794 bars
  AMZN   5794 bars
  GOOGL  3136 bars
  META   1223 bars
  JPM    5794 bars
  BAC    5794 bars
  XOM    5794 bars
  CVX    5794 bars
  WMT    5794 bars
  HD     5794 bars
  JNJ    5794 bars
  PG     5794 bars
  KO     5794 bars
  DIS    5794 bars
  NKE    5794 bars
  IBM    5794 bars
  MMM    5794 bars
  INTC   5794 bars
  CSCO   5794 bars
  F      5794 bars
  T      5787 bars
  VZ     5794 bars
  PFE    5794 bars
  GE     5794 bars
- rising-wedge
    1739 signals · 20d median 0.74% vs any-day 0.95% · does not survive
- falling-wedge
    962 signals · 20d median 1.01% vs any-day 0.95% · does not survive
- bull-flag
    100 signals · 20d median 0.01% vs any-day 0.95% · too few
- bear-flag
    51 signals · 20d median 1.58% vs any-day 0.95% · too few
- head-shoulders
    247 signals · 20d median 1.57% vs any-day 0.95% · does not survive
- inverse-head-shoulders
    393 signals · 20d median 1.57% vs any-day 0.95% · survives
