{
 "totals": {
  "hub_names": 543,
  "offhub_names": 151,
  "funds_on_hub": 138,
  "hub_lines": 692,
  "unjudged": 11,
  "today_lines": 590,
  "today_names": 454,
  "today_funds": 136,
  "out": 142,
  "out_to_offhub": 68,
  "out_gone": 74,
  "in": 242,
  "hub_from_cap": 244,
  "hub_from_lists_only": 58,
  "hub_from_overlap": 232,
  "u2": {
   "lines": 574,
   "names": 436,
   "out": 95,
   "in": 77
  }
 },
 "alanQ": {
  "rsp_under_u2": {
   "count": 253,
   "of": 504,
   "returns_share": 0.914,
   "share": 50.4,
   "blend": -0.178,
   "all_names_blend": -0.227,
   "fund_own_geiger": -0.335,
   "diff": 0.049,
   "pass": 12,
   "draws": 12,
   "r2": 0.515,
   "te": 0.425,
   "tracks": false
  },
  "iwm_under_u2": {
   "count": 60,
   "of": 1970,
   "returns_share": 0.628,
   "share": 8.3,
   "blend": -0.135,
   "all_names_blend": -0.169,
   "fund_own_geiger": -0.436,
   "diff": 0.034,
   "pass": 12,
   "draws": 12,
   "r2": null,
   "te": 2.718,
   "tracks": true
  },
  "rsp_today": {
   "count": 288,
   "of": 504,
   "returns_share": 1,
   "share": 57.5,
   "blend": -0.18,
   "all_names_blend": -0.227,
   "fund_own_geiger": -0.335,
   "diff": 0.047,
   "pass": 12,
   "draws": 12,
   "r2": 0.711,
   "te": 0.328,
   "tracks": false
  },
  "iwm_today": {
   "count": 56,
   "of": 1970,
   "returns_share": 0.959,
   "share": 9.2,
   "blend": -0.111,
   "all_names_blend": -0.169,
   "fund_own_geiger": -0.436,
   "diff": 0.058,
   "pass": 4,
   "draws": 12,
   "r2": -2.919,
   "te": 1.637,
   "tracks": false
  },
  "rsp_under_u3_hub": {
   "count": 259,
   "of": 504,
   "returns_share": 0.781,
   "share": 52,
   "blend": -0.149,
   "all_names_blend": -0.227,
   "fund_own_geiger": -0.335,
   "diff": 0.078,
   "pass": 5,
   "draws": 12,
   "r2": null,
   "te": 0.48,
   "tracks": false
  },
  "iwm_under_u3_hub": {
   "count": 112,
   "of": 1970,
   "returns_share": 0.331,
   "share": 17.8,
   "blend": -0.153,
   "all_names_blend": -0.169,
   "fund_own_geiger": -0.436,
   "diff": 0.016,
   "pass": 11,
   "draws": 12,
   "r2": null,
   "te": 1.422,
   "tracks": true
  },
  "rsp_under_u3_all": {
   "count": 337,
   "of": 504,
   "returns_share": 0.768,
   "share": 67.4,
   "blend": -0.175,
   "all_names_blend": -0.227,
   "fund_own_geiger": -0.335,
   "diff": 0.052,
   "pass": 12,
   "draws": 12,
   "r2": null,
   "te": 0.37,
   "tracks": true
  },
  "iwm_under_u3_all": {
   "count": 150,
   "of": 1970,
   "returns_share": 0.282,
   "share": 25.1,
   "blend": -0.156,
   "all_names_blend": -0.169,
   "fund_own_geiger": -0.436,
   "diff": 0.013,
   "pass": 11,
   "draws": 12,
   "r2": null,
   "te": 1.437,
   "tracks": true
  }
 },
 "to_overlap": [
  {
   "fund": "XOP",
   "why": "equal-weight by construction"
  },
  {
   "fund": "KBE",
   "why": "equal-weight by construction"
  },
  {
   "fund": "XRT",
   "why": "equal-weight by construction"
  },
  {
   "fund": "VTI",
   "why": "the coverage point needs 167 names (more than 100)"
  },
  {
   "fund": "XPH",
   "why": "equal-weight by construction"
  },
  {
   "fund": "RSP",
   "why": "equal-weight by construction"
  },
  {
   "fund": "SPY",
   "why": "the coverage point needs 118 names (more than 100)"
  },
  {
   "fund": "MDY",
   "why": "the coverage point needs 165 names (more than 100)"
  },
  {
   "fund": "XLB",
   "why": "the top-k blend never tracks the all-names blend within ±0.1 with the returns test passing (whole fund: Geiger gap 0, returns -0.53)"
  },
  {
   "fund": "QQEW",
   "why": "equal-weight by construction"
  },
  {
   "fund": "VXUS",
   "why": "the coverage point needs 498 names (more than 100)"
  },
  {
   "fund": "XHB",
   "why": "equal-weight by construction"
  },
  {
   "fund": "IWM",
   "why": "very broad (Alan: too many tickers)"
  },
  {
   "fund": "ITOT",
   "why": "the coverage point needs 170 names (more than 100)"
  },
  {
   "fund": "KRE",
   "why": "equal-weight by construction"
  },
  {
   "fund": "IWV",
   "why": "the coverage point needs 171 names (more than 100)"
  },
  {
   "fund": "VT",
   "why": "the coverage point needs 255 names (more than 100)"
  }
 ],
 "floor_sensitivity": {
  "0": {
   "added": 240,
   "hub_names": 519,
   "hub_lines": 657,
   "per_fund": {
    "XOP": 7,
    "KBE": 0,
    "XRT": 9,
    "VTI": 0,
    "XPH": 12,
    "RSP": 52,
    "SPY": 0,
    "MDY": 101,
    "XLB": 20,
    "QQEW": 9,
    "VXUS": 9,
    "XHB": 2,
    "IWM": 10,
    "ITOT": 0,
    "KRE": 9,
    "IWV": 0,
    "VT": 0
   }
  },
  "30": {
   "added": 309,
   "hub_names": 543,
   "hub_lines": 681,
   "per_fund": {
    "XOP": 7,
    "KBE": 23,
    "XRT": 10,
    "VTI": 0,
    "XPH": 12,
    "RSP": 52,
    "SPY": 0,
    "MDY": 101,
    "XLB": 20,
    "QQEW": 9,
    "VXUS": 9,
    "XHB": 4,
    "IWM": 35,
    "ITOT": 0,
    "KRE": 27,
    "IWV": 0,
    "VT": 0
   }
  },
  "50": {
   "added": 455,
   "hub_names": 648,
   "hub_lines": 786,
   "per_fund": {
    "XOP": 19,
    "KBE": 44,
    "XRT": 31,
    "VTI": 0,
    "XPH": 19,
    "RSP": 52,
    "SPY": 0,
    "MDY": 160,
    "XLB": 20,
    "QQEW": 9,
    "VXUS": 9,
    "XHB": 10,
    "IWM": 35,
    "ITOT": 0,
    "KRE": 47,
    "IWV": 0,
    "VT": 0
   }
  }
 }
}
fund	rule	n	own	k_live	share_live	k_close	share_close	diff@close	r2@close	whole_diff	whole_r2	hub_today
XLF	cap	76		6	46.3	13	63.3	-0.02	0.906	0	0.984	34
GDX	cap	58		1	11.3	3	30.5	-0.031	0.962	0		10
XLP	cap	33		8	55.4	10	64	0.02	0.945	0	0.976	17
SOXX	cap	30		5	42	8	54.3	-0.029	0.949	0	0.993	24
ITA	cap	50		3	44.7	7	62.9	-0.055	0.912	0	0.986	19
VUG	cap	146		9	60.9	20	75.3	0.032	0.937	0	0.991	110
FDN	cap	41		10	62.8	12	70.5	-0.036	0.901	0	0.962	24
XLI	cap	83		26	65.8	40	81.5	0.022	0.904	0	0.929	45
QQQ	cap	101		13	55.1	33	79.3	0.068	0.912	0	0.977	91
XLY	cap	47		10	68.4	14	76.1	-0.013	0.91	0	0.956	20
VTV	cap	306		62	59.8	92	70.4	0.046	0.904	0		194
VTI	overlap	3134		53	56.6	167	75.1	0.059	0.951	0		409
QUAL	cap	118		26	70	48	84.9	0.061	0.909	0	0.953	73
DRAM	cap	9		2	55.3	4	78.2	-0.018		0		4
IGV	cap	106		12	67	16	75.9	0.078	0.95	0	0.952	30
SCHD	cap	100		16	61.3	19	68.9	0.011	0.917	0	0.945	31
SMH	cap	25		4	39.6	10	67.7	0.04	0.979	0	0.997	24
IYT	cap	44		7	60.7	11	75.5	-0.017	0.902	0		12
SPY	overlap	503		65	68.8	118	79	0.069	0.904	0		290
SKYY	cap	65		17	52.2	26	69.5	0.039		0		29
IPAY	cap	42		9	49.8	12	63	0.021		0		11
XLC	cap	23		11	78.1	13	85.4	0.029	0.908	0	0.94	17
XLRE	cap	30		10	60	15	77.8	0.001	0.912	0		15
MDY	overlap	401		91	43	165	64.4	0.088		0		35
XLK	cap	75		6	54	16	74.4	0.043	0.955	0	0.991	50
AGIX	cap	56		24	61.6	31	71.9	0.002	0.92	0		42
XLB	overlap	25								0	-0.53	18
IBB	cap	233		21	65.8	41	79.8	0.035		0		16
XLV	cap	61		6	49	16	73.4	-0.007	0.969	0	0.978	32
XLE	cap	21		8	70.5	12	83.9	0.086	0.987	0	0.992	15
SPLV	cap	101		8	10.1	38	43.1	-0.012		0		65
VXUS	overlap	4000		242	58.7	498	73.3	-0.059		0		5
CIBR	cap	45		5	39.7	19	76.7	0.035	0.952	0		18
IHI	cap	48		3	44.5	8	67	-0.01		0		10
ITOT	overlap	2426		68	61.9	170	76.1	0.063	0.92	0		397
XLU	cap	31		4	34.6	10	58.9	0.01	0.914	0	0.978	27
MTUM	cap	125		21	59	33	71.9	0.064	0.907	0	0.965	90
DIA	cap	30		13	65.7	16	74.4	-0.001	0.908	0	0.991	30
MGK	cap	56		8	60.2	14	74.5	0.002	0.916	0	0.994	55
IWV	overlap	2584		69	62.1	171	76.1	0.062	0.915	0		396
VT	overlap	4000		83	46.3	255	64.1	0.062		0		399
IJR	cap	602		44	18.6	86	31.4	0.07		0		25
equal: fund	n	before(count/share/diff/r2)	added	after(count/share/diff/r2)	final	stopped
XOP	51	9/24.1/0.284/0.917	7	16/42.7/0.07/null	26/68.9/0.031/null	the blend tracks the fund at the close tolerance with at least 30% of its weight in
KBE	107	10/9.1/-0.057/null	23	33/30.8/0.005/null	72/67.4/0.006/null	the blend tracks the fund at the close tolerance with at least 30% of its weight in
XRT	74	11/16.1/0.04/null	10	21/30.3/-0.02/null	30/43.6/0.025/null	the blend tracks the fund at the close tolerance with at least 30% of its weight in
VTI	3134	428/81.9/0.047/0.962	0	428/81.9/0.047/0.962	647/87.7/0.031/0.965	the blend tracks the fund at the close tolerance with at least 30% of its weight in
XPH	61	8/15.7/0.009/null	12	20/39.1/0.008/null	23/44.9/0.005/null	the blend tracks the fund at the close tolerance with at least 30% of its weight in
RSP	504	254/51/0.091/0.602	52	306/61.3/0.071/null	337/67.4/0.052/null	the blend tracks the fund at the close tolerance with at least 30% of its weight in
SPY	503	257/89.7/0.031/0.951	0	257/89.7/0.031/0.951	341/94.1/0.018/0.954	the blend tracks the fund at the close tolerance with at least 30% of its weight in
MDY	401	22/9.7/0.407/null	101	123/40.9/0.088/null	123/40.9/0.088/null	the blend tracks the fund at the close tolerance with at least 30% of its weight in
XLB	25	5/31.2/0.142/0.31	20	25/100/0/-0.53	25/100/0/-0.53	no candidate left that another fund holds
QQEW	50	41/83.1/0.02/0.471	9	50/100/0/0.466	50/100/0/0.466	no candidate left that another fund holds
VXUS	4000	6/5.5/0.072/null	9	15/8.7/0.073/null	15/8.7/0.073/null	the next 10 names together add under 1 point of the fund's weight
XHB	35	6/19/0.163/null	4	10/32/0.024/null	17/54/-0.017/null	the blend tracks the fund at the close tolerance with at least 30% of its weight in
IWM	1970	83/15.3/0.056/null	35	118/20.5/0.02/null	150/25.1/0.013/null	the next 10 names together add under 1 point of the fund's weight
ITOT	2426	419/81.8/0.047/0.932	0	419/81.8/0.047/0.932	638/87.2/0.031/0.934	the blend tracks the fund at the close tolerance with at least 30% of its weight in
KRE	167	3/3.3/-0.053/null	27	30/30.9/-0.009/null	57/57.6/-0.043/null	the blend tracks the fund at the close tolerance with at least 30% of its weight in
IWV	2584	417/81.5/0.045/0.929	0	417/81.5/0.045/0.929	635/86.9/0.03/0.932	the blend tracks the fund at the close tolerance with at least 30% of its weight in
VT	4000	412/56.9/0.047/0.903	0	412/56.9/0.047/0.903	631/62.1/0.03/0.914	the blend tracks the fund at the close tolerance with at least 30% of its weight in
spdr: XLF today 34 point 6 beyond 28 movable 13 | XLP today 17 point 8 beyond 9 movable 5 | XOP today 10 point null beyond 1 movable 1 | XLI today 45 point 26 beyond 19 movable 14 | XLY today 20 point 10 beyond 10 movable 7 | KBE today 14 point null beyond 3 movable 3 | XRT today 8 point null beyond 1 movable 1 | XPH today 5 point null beyond 0 movable 0 | SPY today 290 point null beyond 88 movable 88 | XLC today 17 point 11 beyond 6 movable 6 | XLRE today 15 point 10 beyond 6 movable 6 | MDY today 35 point null beyond 14 movable 14 | XLK today 50 point 6 beyond 44 movable 5 | XLB today 18 point null beyond 1 movable 1 | XLV today 32 point 6 beyond 26 movable 9 | XLE today 15 point 8 beyond 7 movable 5 | XHB today 5 point null beyond 0 movable 0 | XLU today 27 point 4 beyond 23 movable 17 | DIA today 30 point 13 beyond 17 movable 1 | KRE today 7 point null beyond 0 movable 0
